Hi Jordan,

From my side: When comparing Zendesk and Intercom for a 15-agent support chat solution, Zendesk typically offers more robust SLAs and greater reporting depth, which is beneficial for detailed analytics. Intercom provides superior work…


It’s been 5 day(s) since we last connected. Summarize the two leading options for AI meeting notes (Fireflies vs Fathom) for a 12-seat team; accuracy, CRM sync quality, pricing gotchas.

If helpful, I can share a brief next step or answer any questions — whatever’s easiest on your side. No rush.

Best,
Neville
