Hi Alex,

It’s been 2 day(s) since we last connected. Trial real topic: summarize our offering for an intro follow-up.

If helpful, I can share a brief next step or answer any questions — whatever’s easiest on your side. No rush.

Best,
Neville