Hi Jordan,

It’s been 5 day(s) since we last connected. Compare Notion vs Coda for product docs; permissions, templates, export to PDF

If helpful, I can share a brief next step or answer any questions — whatever’s easiest on your side. No rush.

Best,
Neville