Hi Alex,\n\nJust a quick note to keep things moving and see how you’re feeling about next steps. From my side: Wanted to share some availability for next week.\n\nIf helpful, I can share a brief next step or answer any questions — whatever’s easiest on your side.\n\nBest,\nNeville
