Hi Taylor,

It’s been 10 day(s) since we last connected. Auto-summary: quick smoke test of Beast pipeline.

If helpful, I can share a brief next step or answer any questions — whatever’s easiest on your side. No rush.

Best,
Neville
