Recipient: Taylor
Sender: Neville
Days since last contact: 5
Context: Following up on the billing ticket and next steps.
