Hi Riley,

Hope you're well! I'm circling back after 3 day(s) on the thread we discussed.

Context: Following up on the billing ticket and next steps.

If it's helpful, I can propose next steps or schedule a quick call.

Best,
Neville
