Hi Taylor,

Hope you're well! I'm circling back after 5 day(s) on the thread we discussed.

Context: We discussed the pilot timeline and access to the sandbox credentials.

If it's helpful, I can propose next steps or schedule a quick call.

Best,
Neville
