Hi Taylor,\n\nIt’s been about  days since we were last in touch, so I wanted to check in. From my side: Following up on the billing ticket and next steps.\n\nIf helpful, I can share a brief next step or answer any questions — whatever’s easiest on your side.\n\nBest,\nNeville
