Hi Taylor,

Just a quick note after 7 days to keep things moving on triage sanity.
If helpful, I can share a brief next step or answer any questions â€” whatever is easiest on your side.

Best,
Neville
