Hi Maya,

It’s been 6 day(s) since we last connected. Checking if you’d like me to send a 3-step plan or hop on a short call.

If helpful, I can share a brief next step or answer any questions — whatever’s easiest on your side. No rush.

Best,
Neville
