Hi Jordan,

It’s been 2 day(s) since we last connected. Confirm Phase 1 scope + start date

If helpful, I can share a brief next step or answer any questions — whatever’s easiest on your side. No rush.

Best,
Neville