Hi Sam,

Itâ€™s been 7 day(s) since we last connected. If useful, I can send the next step.

Best,
Neville
