{
  "source": "email",
  "submitted_at": "2025-08-28T09:30:00+02:00",
  "contact": "Jordan <jordan@example.com>",
  "summary": "Question about discount eligibility",
  "details": "Asking if annual plans qualify for early-payment discount.",
  "urgency": "low",
  "category": "general",
  "next_steps": [
    {
      "step": "Acknowledge receipt",
      "owner": "ops",
      "due": "today"
    },
    {
      "step": "Clarify requirements",
      "owner": "ops",
      "due": "tomorrow"
    },
    {
      "step": "Schedule review",
      "owner": "ops",
      "due": "next_business_day"
    }
  ]
}
