Hi Taylor,

It’s been 7 day(s) since we last connected. recap deliverables and unblockers

If helpful, I can share a brief next step or answer any questions — whatever’s easiest on your side. No rush.

Best,
Neville
