Hi Taylor,

It’s been 2 day(s) since we last connected. Just a quick ping to keep things moving.

If helpful, I can share a brief next step or answer any questions — whatever’s easiest on your side.

Best,
Neville
