Hi Taylor,

It’s been 9 day(s) since we last connected. Budget guardrails are strategic guidelines that outline priorities for spending and areas to avoid financial allocation. They help ensure fiscal responsibility by setting clear boundaries that align with organizational goals and resource availability. Adhering to these guardrails can enhance decision-making and promote effective budget management.

If helpful, I can share a brief next step or answer any questions — whatever’s easiest on your side. No rush.

Best,
Neville
