Hi Jordan,

It’s been 3 day(s) since we last connected. sanity ping

If helpful, I can share a brief next step or answer any questions — whatever’s easiest on your side. No rush.

Best,
Neville