Hi Jordan,

Just a quick note after 5 days to keep things moving on Confirm scope for Phase 1 and target start date..
If helpful, I can share a brief next step or answer any questions â€” whatever is easiest on your side.

Best,
Neville
