Hi Jordan,

From my side: When comparing Zendesk and Intercom for a 15-agent support chat solution, Zendesk typically offers more robust SLAs and greater reporting depth, which is benefi
It’s been 5 day(s) since we last connected. Trial real topic: summarize our offering for an intro follow-up.

If helpful, I can share a brief next step or answer any questions — whatever’s easiest on your side. No rush.

Best,
Neville
