---- SMOKE TEST ----
Loaded prompt file: /Users/neville/Library/CloudStorage/GoogleDrive-design@qsurgical.co.za/My Drive/QS_ChatGPT/Vault/Prompt_Library/active/followup_generator/prompt.md
--------------------
Hi Jordan,

Following up on: demo: polite bump with prior thread

• Next step: confirm receipt or share any blockers.
• If you need anything from us, reply with specifics.

Kind regards,
Neville

