# Research Probe â€” Minimal

Objective: Map Phase 1 deliverables and risks from the kick-off notes.
Sources: - Kick-off notes: scope bullets
- Email thread summary: dates & owners
Constraints: Be concise; if info is missing, call it out.

Please extract and return data conforming to this schema:
{
  "deliverables": ["..."],
  "risks": ["..."],
  "open_questions": ["..."],
  "uncertainties": "..."
}

Instructions:
- Read the sources. If sources are just notes/URLs, use them as input text.
- Summarize concisely, adhere to the schema keys exactly.
- When uncertain, include a short "uncertainties" note.
